[
  "diff",
  "modal",
  "25rem",
  "25rem",
  "25rem",
  "carousel-prev",
  "25rem",
  "disabled",
  "carousel-next",
  "25rem",
  "disabled",
  "menu",
  "25rem",
  "5);",
  "25rem",
  "dropdown)",
  "25rem",
  "25rem",
  "25rem",
  "25rem",
  "25rem",
  "5);",
  "menu-dropdown:not(.menu-dropdown-show))",
  "menu",
  "5rem",
  "menu-title",
  "tooltip)",
  "collapse",
  "menu-title",
  "btn))",
  "25rem",
  "25rem",
  "5);",
  "menu-title)",
  "collapse",
  "menu-title",
  "btn))",
  "25rem",
  "tooltip",
  "25rem",
  "25rem",
  "5);",
  "menu",
  "menu-title",
  "menu-disabled))",
  "menu",
  "menu-title",
  "menu-disabled)",
  "collapse",
  "menu-title))",
  "btn).menu-focus",
  "btn):focus-visible",
  "menu-title",
  "menu-disabled)",
  "menu-title",
  "collapse",
  "btn):active",
  "menu-title",
  "menu-disabled)",
  "menu-title",
  "collapse",
  "btn).menu-active",
  "menu-disabled",
  "badge",
  "tab",
  "tabs-lifted",
  "25rem)",
  "5);",
  "tabs-bordered",
  "tabs-lifted",
  "375rem);",
  "tabs-lifted",
  "tab-active:not([disabled])",
  "tabs-lifted",
  "tab-active:not([disabled]):before",
  "375rem)",
  "375rem);",
  "375rem);",
  "25px)",
  "25px)",
  "25px)",
  "25px)",
  "tabs-lifted",
  "tab-active:not([disabled]):first-child:before",
  "tabs-lifted",
  "tab-active:not([disabled]):last-child:before",
  "tabs-lifted",
  "tab-active:not([disabled]):first-child:before",
  "tabs-lifted",
  "tab-active:not([disabled]):last-child:before",
  "tabs-xl",
  "25rem)",
  "5rem;",
  "tabs-lg",
  "25rem)",
  "5);",
  "25rem;",
  "tabs-md",
  "25rem)",
  "5);",
  "tabs-sm",
  "25rem)",
  "5);",
  "75rem;",
  "tabs-xs",
  "25rem)",
  "5rem;",
  "btn",
  "25rem",
  "96",
  "03);",
  "25s;",
  "5px",
  "5px",
  "25rem)",
  "5);",
  "btn-active)",
  "btn-active)",
  "btn-disabled)",
  "pin-input",
  "15s",
  "15s",
  "25rem)",
  "5);",
  "05));",
  "pin-input-underline",
  "disabled",
  "dropdown-item",
  "25rem",
  "25rem",
  "25rem",
  "5);",
  "dropdown-disabled",
  "loading",
  "25rem)",
  "w3.org/2000/svg\u0027%3E%3Cstyle%3E.spinner_V8m1%7Btransform-origin:center;animation:spinner_zKoa",
  "spinner_V8m1",
  "5s",
  "5%25%7Bstroke-dasharray:42",
  "5\u0027",
  "modal-content",
  "1))",
  "1));",
  "accordion-toggle",
  "25rem",
  "25rem",
  "disabled",
  "range\u0026",
  "disabled",
  "carousel-prev\u0026",
  "carousel-next\u0026",
  "pointer-events-auto",
  "pointer-events-none",
  "tooltip-content",
  "25rem",
  "collapse",
  "collapse",
  "invisible",
  "chat",
  "25rem",
  "25rem",
  "chat-avatar",
  "chat-header",
  "25rem",
  "chat-footer",
  "25rem",
  "chat-bubble",
  "25rem",
  "75rem;",
  "75rem;",
  "25rem",
  "25rem",
  "25rem",
  "chat-receiver",
  "chat-header",
  "chat-footer",
  "chat-avatar",
  "chat-bubble",
  "749rem;",
  "w3.org/2000/svg\u0027%3e%3cpath",
  "w3.org/2000/svg\u0027%3e%3cpath",
  "chat-sender",
  "chat-header",
  "chat-footer",
  "chat-avatar",
  "chat-bubble",
  "9%;",
  "w3.org/2000/svg\u0027%3e%3cpath",
  "w3.org/2000/svg\u0027%3e%3cpath",
  "table",
  "row-hover",
  "row-active",
  "25rem",
  "25rem",
  "table-pin-rows",
  "25rem",
  "table-pin-rows",
  "25rem",
  "table-pin-cols",
  "25rem",
  "25rem",
  "avatar",
  "avatar-placeholder",
  "avatar-online-top",
  "avatar-offline-top",
  "avatar-busy-top",
  "avatar-away-top",
  "avatar-online-bottom",
  "avatar-offline-bottom",
  "avatar-busy-bottom",
  "avatar-away-bottom",
  "select",
  "25rem",
  "25rem",
  "w3.org/2000/svg\u0027",
  "3em;",
  "5rem)",
  "25rem)",
  "5);",
  "3em)",
  "25rem",
  "75rem);",
  "25rem",
  "25rem",
  "05));",
  "input",
  "select-floating)",
  "advance-select-toggle",
  "25rem",
  "25rem",
  "25rem)",
  "5);",
  "05));",
  "card",
  "card-border)",
  "image-full",
  "card-body",
  "card-alert",
  "sr-only",
  "checkbox",
  "25rem",
  "1))",
  "2s",
  "2s;",
  "25rem)",
  "3s",
  "1s",
  "3s",
  "3s;",
  "1s;",
  "1))",
  "75;",
  "1))",
  "1))",
  "radio",
  "25rem",
  "1))",
  "25rem)",
  "2s",
  "1))",
  "1))",
  "1));",
  "25rem",
  "carousel",
  "alert",
  "25rem",
  "1875rem",
  "125rem",
  "08))",
  "alert-outline",
  "alert-soft",
  "absolute",
  "fixed",
  "relative",
  "static",
  "sticky",
  "inset-0",
  "inset-y-0",
  "inset-y-2",
  "end-3",
  "top-0",
  "top-1/2",
  "top-full",
  "bottom-0",
  "bottom-full",
  "-left-4",
  "left-0",
  "input",
  "25rem",
  "25rem)",
  "5);",
  "05));",
  "25rem",
  "25rem",
  "input-floating)",
  "isolate",
  "dropdown-menu",
  "25rem",
  "25rem",
  "25rem",
  "25rem",
  "1))",
  "1));",
  "advance-select-menu",
  "25rem",
  "5)",
  "25rem",
  "5)",
  "25rem",
  "1))",
  "1));",
  "z-10",
  "z-40",
  "z-50",
  "col-span-1",
  "container",
  "m-10",
  "filter",
  "1s",
  "3s",
  "3s",
  "1s;",
  "25rem",
  "filter-reset",
  "filter-reset)))",
  "filter-reset",
  "25rem",
  "25rem",
  "25rem",
  "filter-reset))",
  "filter-reset",
  "25rem",
  "25rem",
  "25rem",
  "modal-dialog",
  "25rem",
  "mx-0.5",
  "5);",
  "mx-auto",
  "my-3",
  "my-auto",
  "join-item",
  "btn-disabled))",
  "\\!ms-auto",
  "ms-1",
  "ms-2",
  "ms-3",
  "input",
  "25rem",
  "25rem",
  "input-sm",
  "input-md",
  "input-lg",
  "input-xl",
  "25rem",
  "input-floating",
  "\\!me-1.5",
  "5)",
  "me-1.5",
  "5);",
  "me-2",
  "me-3",
  "me-5",
  "mt-1",
  "mt-1.5",
  "5);",
  "mt-2",
  "mt-2.5",
  "5);",
  "mt-3",
  "mt-4",
  "mt-5",
  "mt-8",
  "mt-10",
  "mt-12",
  "mr-4",
  "mb-0.5",
  "5);",
  "mb-1",
  "mb-2",
  "mb-3",
  "mb-5",
  "-ml-4",
  "ml-3",
  "ml-4",
  "status",
  "25rem",
  "5);",
  "25rem",
  "5);",
  "5))",
  "badge",
  "25rem",
  "5);",
  "25rem",
  "25rem)",
  "badge-outline",
  "badge-soft",
  "progress",
  "25rem",
  "5);",
  "tabs",
  "progress-bar",
  "progress-indeterminate",
  "card-body",
  "25rem",
  "5rem);",
  "card-header)",
  "card-footer",
  "label-text",
  "25rem",
  "carousel-body",
  "join",
  "join-item)",
  "join-item:where(:first-child)",
  "join-item)",
  "join-item:where(:last-child)",
  "join-item)",
  "join-item:where(:only-child)",
  "join-item)",
  "helper-text",
  "25rem",
  "tooltip",
  "\\!flex",
  "block",
  "contents",
  "flex",
  "grid",
  "hidden",
  "inline",
  "inline-block",
  "inline-flex",
  "inline-grid",
  "table",
  "btn-circle",
  "25rem",
  "btn-square",
  "25rem",
  "size-4",
  "size-5",
  "size-8",
  "size-10",
  "input",
  "select",
  "\\!h-2.5",
  "5)",
  "h-2",
  "h-8",
  "h-12",
  "h-32",
  "h-64",
  "h-full",
  "h-screen",
  "min-h-0",
  "min-h-svh",
  "advance-select-option",
  "25rem",
  "25rem",
  "5);",
  "\\!w-2.5",
  "5)",
  "loading-lg",
  "25rem)",
  "loading-sm",
  "25rem)",
  "loading-xl",
  "25rem)",
  "loading-xs",
  "25rem)",
  "w-0",
  "w-0.5",
  "5);",
  "w-4",
  "w-12",
  "w-56",
  "w-64",
  "w-fit",
  "w-full",
  "max-w-7xl",
  "max-w-80",
  "max-w-full",
  "max-w-lg",
  "max-w-sm",
  "min-w-0",
  "min-w-28",
  "min-w-48",
  "min-w-60",
  "flex-1",
  "flex-shrink-0",
  "shrink-0",
  "grow",
  "grow-0",
  "origin-top-left",
  "-translate-x-full",
  "translate-x-0",
  "-translate-y-1/2",
  "transform",
  "skeleton-animated",
  "8s",
  "animate-bounce",
  "animate-ping",
  "cursor-default",
  "cursor-not-allowed",
  "cursor-pointer",
  "resize",
  "list-inside",
  "list-disc",
  "grid-cols-1",
  "flex-col",
  "flex-row",
  "flex-nowrap",
  "modal-middle",
  "items-center",
  "items-end",
  "items-start",
  "\\!justify-between",
  "justify-between",
  "justify-center",
  "justify-end",
  "justify-start",
  "justify-stretch",
  "gap-0.5",
  "5);",
  "gap-1",
  "gap-1.5",
  "5);",
  "gap-2",
  "gap-3",
  "gap-4",
  "gap-5",
  "gap-6",
  "space-y-1",
  "space-y-4",
  "gap-x-1",
  "gap-x-2",
  "gap-x-3",
  "space-x-1",
  "gap-y-3",
  "divide-y",
  "accordion",
  "accordion-bordered)",
  "divide-base-150/60",
  "truncate",
  "overflow-hidden",
  "overflow-x-auto",
  "overflow-y-auto",
  "skeleton",
  "collapse",
  "menu-horizontal",
  "menu-title)",
  "1))",
  "1));",
  "\\!rounded-full",
  "rounded-box",
  "rounded-box",
  "rounded-field",
  "rounded-field",
  "rounded-full",
  "rounded-lg",
  "rounded-md",
  "card-header",
  "5rem);",
  "card-body",
  "rounded-t-lg",
  "border",
  "border-0",
  "border-2",
  "btn-text",
  "btn-active",
  "btn-soft",
  "btn-active",
  "border-t",
  "border-b",
  "\\!border-none",
  "border-dashed",
  "input",
  "is-valid",
  "is-valid)",
  "validate",
  "validate",
  "is-invalid",
  "is-invalid)",
  "validate",
  "validate",
  "is-valid::file-selector-button",
  "validate",
  "is-invalid::file-selector-button",
  "validate",
  "input-floating",
  "is-valid::file-selector-button",
  "validate",
  "input-floating",
  "input-floating",
  "is-invalid::file-selector-button",
  "validate",
  "input-floating",
  "is-invalid",
  "input\u0026::file-selector-button",
  "input-floating",
  "input\u0026::file-selector-button",
  "label-text:has(~",
  "label-text:has(~",
  "helper-text",
  "helper-text",
  "label-text",
  "label-text",
  "label-text",
  "advance-select-toggle",
  "advance-select-tag:has(\u003E",
  "input-floating:has(\u0026)",
  "input-floating-label",
  "input:focus)",
  "input-floating-label",
  "textarea-floating:has(\u0026)",
  "textarea-floating-label",
  "textarea:focus)",
  "textarea-floating-label",
  "select-floating:has(\u0026)",
  "select-floating-label",
  "select:focus)",
  "select-floating-label",
  "is-valid",
  "input\u0026::file-selector-button",
  "input-floating",
  "input\u0026::file-selector-button",
  "label-text:has(~",
  "label-text:has(~",
  "helper-text",
  "helper-text",
  "label-text",
  "label-text",
  "label-text",
  "advance-select-toggle",
  "advance-select-tag:has(\u003E",
  "input-floating:has(\u0026)",
  "input-floating-label",
  "input:focus)",
  "input-floating-label",
  "textarea-floating:has(\u0026)",
  "textarea-floating-label",
  "textarea:focus)",
  "textarea-floating-label",
  "select-floating:has(\u0026)",
  "select-floating-label",
  "select:focus)",
  "select-floating-label",
  "checkbox",
  "is-valid",
  "is-valid)",
  "validate",
  "validate",
  "is-invalid",
  "is-invalid)",
  "validate",
  "validate",
  "is-valid",
  "is-valid)",
  "validate",
  "validate",
  "is-invalid",
  "is-invalid)",
  "validate",
  "validate",
  "select",
  "is-valid",
  "is-valid)",
  "validate",
  "validate",
  "is-invalid",
  "is-invalid)",
  "validate",
  "validate",
  "radio",
  "is-valid",
  "is-valid)",
  "validate",
  "validate",
  "is-invalid",
  "is-invalid)",
  "validate",
  "validate",
  "\\!border-base-content/40",
  "border-base-content",
  "border-base-content/5",
  "border-base-content/20",
  "border-base-content/40",
  "progress-primary",
  "status-error",
  "\\!bg-base-100",
  "bg-background",
  "bg-background/60",
  "bg-base-100",
  "bg-base-150",
  "bg-base-200",
  "bg-base-200/50",
  "bg-base-300",
  "bg-base-300/30",
  "bg-base-300/45",
  "bg-base-300/50",
  "bg-base-300/60",
  "bg-error",
  "bg-info",
  "bg-primary",
  "bg-primary/5",
  "bg-success",
  "bg-transparent",
  "bg-warning",
  "loading-spinner",
  "w3.org/2000/svg\u0027%3E%3Cstyle%3E.spinner_V8m1%7Btransform-origin:center;animation:spinner_zKoa",
  "spinner_V8m1",
  "5s",
  "5%25%7Bstroke-dasharray:42",
  "5\u0027",
  "mask",
  "fill-black",
  "checkbox-xs",
  "25rem",
  "5);",
  "25rem)",
  "p-0.5",
  "5);",
  "p-1",
  "p-2",
  "p-3",
  "p-4",
  "p-5",
  "p-6",
  "p-8",
  "\\!px-2.5",
  "5)",
  "px-1.5",
  "5);",
  "px-2",
  "px-3",
  "px-4",
  "px-5",
  "py-1.5",
  "5);",
  "py-2",
  "py-2.5",
  "5);",
  "py-6",
  "pt-0.5",
  "5);",
  "pt-3",
  "text-center",
  "text-left",
  "align-bottom",
  "align-middle",
  "font-inter",
  "card-title",
  "modal-title",
  "btn-sm",
  "75rem;",
  "25rem)",
  "5);",
  "\\!text-sm",
  "text-2xl",
  "text-4xl",
  "text-base",
  "text-base/6",
  "text-lg",
  "text-sm",
  "text-sm/5",
  "text-xl",
  "text-xs",
  "text-xs/5",
  "leading-3",
  "leading-3.5",
  "5);",
  "5);",
  "leading-6",
  "\\!font-medium",
  "\\!font-semibold",
  "font-medium",
  "font-normal",
  "font-semibold",
  "whitespace-nowrap",
  "btn-outline",
  "btn-active",
  "label-text",
  "is-valid)",
  "is-valid)",
  "validate",
  "validate",
  "is-valid)",
  "is-valid)",
  "is-valid)",
  "validate",
  "validate",
  "validate",
  "is-invalid)",
  "is-invalid)",
  "validate",
  "validate",
  "is-invalid)",
  "is-invalid)",
  "is-invalid)",
  "validate",
  "validate",
  "validate",
  "helper-text",
  "is-valid)",
  "is-valid)",
  "validate",
  "validate",
  "is-invalid)",
  "is-invalid)",
  "validate",
  "validate",
  "alert-error",
  "checkbox-primary",
  "text-accent",
  "text-base-content",
  "text-base-content/40",
  "text-base-content/50",
  "text-base-content/60",
  "text-base-content/70",
  "text-base-content/80",
  "text-error",
  "text-error-content",
  "text-gray-400",
  "text-info",
  "text-info-content",
  "text-primary",
  "text-primary-content",
  "text-success",
  "text-success-content",
  "text-warning",
  "text-warning-content",
  "lowercase",
  "uppercase",
  "italic",
  "underline",
  "opacity-0",
  "opacity-100",
  "shadow-lg",
  "1))",
  "1));",
  "shadow-xs",
  "05));",
  "ring-1",
  "shadow-base-300/20",
  "ring-white/10",
  "outline",
  "blur",
  "drop-shadow",
  "1)))",
  "06)));",
  "1))",
  "06));",
  "filter",
  "carousel-slide",
  "transition",
  "transition-all",
  "transition-opacity",
  "duration-300",
  "duration-500",
  "ease-in-out",
  "ease-linear",
  "advance-select-toggle",
  "is-valid",
  "validate",
  "selected)",
  "is-invalid",
  "validate",
  "selected))",
  "badge-error",
  "badge-info",
  "badge-primary",
  "badge-success",
  "btn-accent",
  "btn-error",
  "btn-info",
  "btn-primary",
  "btn-secondary",
  "btn-success",
  "btn-warning",
  "selected",
  "validate",
  "advance-select-toggle",
  "\\*:[grid-area:1/1]",
  "\\*:first:rounded-tl-lg",
  "\\*:last:rounded-tr-lg",
  "hover:bg-primary/5",
  "hover:bg-transparent",
  "hover:text-base-content",
  "hover:text-base-content/60",
  "hover:text-primary",
  "focus:border-primary",
  "focus:outline-1",
  "focus:outline-primary",
  "focus:outline-none",
  "focus-visible:outline-none",
  "aria-[current\\=\\\u0027page\\\u0027]:text-bg-soft-primary",
  "max-lg:hidden",
  "max-lg:flex-col",
  "sm:mt-5",
  "sm:mt-6",
  "sm:max-w-2xl",
  "sm:max-w-3xl",
  "sm:max-w-4xl",
  "sm:max-w-5xl",
  "sm:max-w-6xl",
  "sm:max-w-7xl",
  "sm:max-w-lg",
  "sm:max-w-md",
  "sm:max-w-xl",
  "sm:items-end",
  "sm:p-6",
  "sm:py-2",
  "sm:text-sm/5",
  "md:table-cell",
  "lg:flex",
  "lg:hidden",
  "lg:min-w-0",
  "lg:grid-cols-2",
  "lg:justify-end",
  "lg:justify-start",
  "lg:gap-y-0",
  "lg:rounded-lg",
  "lg:bg-base-100/20",
  "lg:p-10",
  "lg:pt-5",
  "lg:pr-3.5",
  "5);",
  "lg:pb-5",
  "lg:pl-64",
  "lg:shadow-xs",
  "05));",
  "lg:ring-1",
  "lg:ring-base-content/10",
  "rtl:\\!mr-0",
  "dropdown-open:rotate-180",
  "dropdown-menu.open",
  "dropdown.open",
  "dropdown.open",
  "dropdown-toggle",
  "dropdown.open",
  "dropdown-menu",
  "dropdown-open:opacity-100",
  "dropdown-menu.open",
  "dropdown.open",
  "dropdown.open",
  "dropdown-toggle",
  "dropdown.open",
  "dropdown-menu",
  "active-tab:bg-primary",
  "active",
  "active",
  "active-tab:text-base-content",
  "active",
  "active",
  "overlay-open:opacity-100",
  "open",
  "open",
  "overlay-open:duration-50",
  "open",
  "open",
  "selected:select-active",
  "selected",
  "selected",
  "select-disabled:pointer-events-none",
  "disabled",
  "disabled",
  "select-disabled:opacity-40",
  "disabled",
  "disabled",
  "combo-box-selected:block",
  "selected",
  "selected",
  "combo-box-selected:dropdown-active",
  "selected",
  "selected",
  "file-upload-complete:progress-success",
  "complete",
  "complete",
  "btn",
  "checkbox",
  "input",
  "advance-select-toggle",
  "table",
  "5);",
  "dropdown-item",
  "5);",
  "5);"
]